[www.ricardoeletro.com.br/Produto/Playstation-4-com-500GB-NOVO-Controle-Sem-Fio-DualShock-4-Fone-de-Ouvido-Cabo-HDMI/47-4635-4638-385865.html]
[backblue.gif]
[fade.gif]
[index.html]
[images.maquinadevendas.com.br/site/re/re_57.png]
[images.maquinadevendas.com.br/site/re/re_72.png]
[images.maquinadevendas.com.br/site/re/re_114.png]
[images.maquinadevendas.com.br/50x50/produto/401490_2573107_20131114170233.jpg]
[images.maquinadevendas.com.br/site/re/button/btn_vizualisar_meu_carrinho.png]
[images.maquinadevendas.com.br/site/re/layout/logo_re.png]
[images.maquinadevendas.com.br/site/re/icons/ico_telefone.png]
[images.maquinadevendas.com.br/40x40/site/re/icons/ico_lista_casamento.png]
[images.maquinadevendas.com.br/site/re/icons/ico_interrogacao.png]
[images.maquinadevendas.com.br/site/re/js/Index06cf.js]
[images.maquinadevendas.com.br/site/re/button/btn_seta_direita_preta.png]
[images.maquinadevendas.com.br/promocao/32480_20131216122455.gif]
[images.maquinadevendas.com.br/site/re/button/btn_comprar_agora2.png]
[images.maquinadevendas.com.br/370x370/produto/401490_2573107_20131114170233.jpg]
[images.maquinadevendas.com.br/87x87/produto/401490_2573107_20131114170233.jpg]
[images.maquinadevendas.com.br/87x87/produto/401490_2573108_20131114170247.jpg]
[images.maquinadevendas.com.br/87x87/produto/401490_2573109_20131114170256.jpg]
[images.maquinadevendas.com.br/87x87/produto/401490_2573110_20131114170306.jpg]
[images.maquinadevendas.com.br/87x87/produto/401490_2573111_20131114170316.jpg]
[images.maquinadevendas.com.br/87x87/produto/401490_2573112_20131114170325.jpg]
[images.maquinadevendas.com.br/87x87/produto/401490_2573113_20131114170337.jpg]
[images.maquinadevendas.com.br/site/re/button/btn_por_email.png]
[images.maquinadevendas.com.br/site/re/button/btn_compartilhar_facebook.jpg]
[images.maquinadevendas.com.br/site/re/icons/ico_mais_cinza.png]
[images.maquinadevendas.com.br/site/re/button/btn_comprar_agora.png]
[images.maquinadevendas.com.br/site/re/button/btn_mais_detalhes.png]
[platform.twitter.com/widgets.js]
[images.maquinadevendas.com.br/102x102/produto/103965_290676_20120111132644.jpg]
[images.maquinadevendas.com.br/site/re/layout/seta_busca_cinza.png]
[static.criteo.net/js/universal/v0_5_4/criteo_ld.js]
[images.maquinadevendas.com.br/site/re/button/btn_twitter.png]
[images.maquinadevendas.com.br/site/re/icons/ico_bandeiras_cartoes.jpg]
[images.maquinadevendas.com.br/site/re/icons/icon_clearSale.png]
[images.maquinadevendas.com.br/site/re/icons/icon_buscape.png]
[images.maquinadevendas.com.br/site/re/icons/icon_uniCert.png]
[www.googleadservices.com/pagead/conversion.js]
[www.ricardoeletro.com.br/Produto/Playstation-4-com-500GB-NOVO-Controle-Sem-Fio-DualShock-4-Fone-de-Ouvido-Cabo-HDMI/47-4635-4638-385865.html]
[images.maquinadevendas.com.br/site/re/js/Index06cf.js]
[www.googletagmanager.com/gtm5445.html]
